C51 COMPILER V9.01   SY06_02_A                                                             11/27/2024 17:09:05 PAGE 1   


C51 COMPILER V9.01, COMPILATION OF MODULE SY06_02_A
OBJECT MODULE PLACED IN sy06_02_a.OBJ
COMPILER INVOKED BY: D:\applications\Keil\C51\BIN\C51.EXE sy06_02_a.c BROWSE DEBUG OBJECTEXTEND

line level    source

   1          #include <reg51.h>
   2          
   3          sbit key=P3^7;
   4          unsigned char a;
   5          
   6          delay()
   7          {
   8   1              unsigned int i;
   9   1              for(i=0;i<200;i++);
  10   1      }
  11          
  12          
  13          sendB(unsigned char da)
  14          {
  15   1              SBUF=da;
  16   1              while(!TI);
  17   1              TI=0;
  18   1      }
  19          
  20          int main()
  21          {
  22   1              // 定时器T1方式2作波特率发生器
  23   1              TMOD=0x20;
  24   1              TH1=0xfd;
  25   1              TL1=0xfd;
  26   1              SCON=0x40;
  27   1              TR1=1;
  28   1              while(1)
  29   1              {
  30   2                      if (key==0)
  31   2                      {
  32   3                              delay();
  33   3                              if (key==0)
  34   3                              {
  35   4                                      sendB(a);
  36   4                                      a=(a+1)%10;
  37   4                                      while(key==0)
  38   4                                      {
  39   5                                              delay();
  40   5                                      }
  41   4                              }
  42   3                      }
  43   2              }
  44   1      
  45   1      }
*** WARNING C290 IN LINE 10 OF SY06_02_A.C: missing return value
*** WARNING C290 IN LINE 18 OF SY06_02_A.C: missing return value


MODULE INFORMATION:   STATIC OVERLAYABLE
   CODE SIZE        =     76    ----
   CONSTANT SIZE    =   ----    ----
   XDATA SIZE       =   ----    ----
   PDATA SIZE       =   ----    ----
   DATA SIZE        =      1    ----
C51 COMPILER V9.01   SY06_02_A                                                             11/27/2024 17:09:05 PAGE 2   

   IDATA SIZE       =   ----    ----
   BIT SIZE         =   ----    ----
END OF MODULE INFORMATION.


C51 COMPILATION COMPLETE.  2 WARNING(S),  0 ERROR(S)
